File /home/cps710/public_html/doc/F2022/A4/Tests/.hl not found.
