!1=2
1=1 & 2=2
1=1 | 2=2
1!=1 | 2=2
1=1 | 2!=2
!!1=1
!!!2=1
long and works
long or works
values properly returned
