The next integer is printed without the print statement:
1024
The print statement will now print integers 2048, 4096
This should be on a new line. 
