File /home/abdullah/Dev/CPS710/Tests/A04/Tests/6Cb2lists.hl not found.
