[]
[1]
[hello]
[1, 2]
[1, 2, 3, cat, synergy]
[[1]]
[1, [2, 3], [[4, []]]]
