File /home/abdullah/Dev/CPS710/Tests/A05/Tests/7Bb1-is.hl not found.
