File /home/abdullah/Dev/CPS710/Tests/A05/Tests/7Bb3-fn_calls.hl not found.
